// Vitest Snapshot v1, https://vitest.dev/guide/snapshot.html

exports[`createSource > createSource - @hey-api/client-axios 1`] = `
"// generated with @7nohe/openapi-react-query-codegen@1.0.0 

export * from "./common";
export * from "./queries";
"
`;

exports[`createSource > createSource - @hey-api/client-axios 2`] = `
"// generated with @7nohe/openapi-react-query-codegen@1.0.0 

import { type Options } from "../requests/client";
import { type QueryClient, useQuery, useSuspenseQuery, useMutation, UseQueryResult, UseQueryOptions, UseMutationOptions, UseMutationResult, UseSuspenseQueryOptions } from "@tanstack/react-query";
import { Options, findPets, addPet, getNotDefined, postNotDefined, deletePet, findPetById, findPaginatedPets } from "../requests/sdk.gen";
import { ClientOptions, Pet, NewPet, Error, FindPetsData, FindPetsErrors, FindPetsError, FindPetsResponses, FindPetsResponse, AddPetData, AddPetErrors, AddPetError, AddPetResponses, AddPetResponse, GetNotDefinedData, GetNotDefinedErrors, GetNotDefinedResponses, PostNotDefinedData, PostNotDefinedErrors, PostNotDefinedResponses, DeletePetData, DeletePetErrors, DeletePetError, DeletePetResponses, DeletePetResponse, FindPetByIdData, FindPetByIdErrors, FindPetByIdError, FindPetByIdResponses, FindPetByIdResponse, FindPaginatedPetsData, FindPaginatedPetsResponses, FindPaginatedPetsResponse } from "../requests/types.gen";
import { AxiosError } from "axios";
export type FindPetsDefaultResponse = Awaited<ReturnType<typeof findPets>>["data"];
export type FindPetsQueryResult<TData = FindPetsDefaultResponse, TError = unknown> = UseQueryResult<TData, TError>;
export const useFindPetsKey = "FindPets";
export const UseFindPetsKeyFn = (clientOptions: Options<FindPetsData, true> = {}, queryKey?: Array<unknown>) => [useFindPetsKey, ...(queryKey ?? [clientOptions])];
export type GetNotDefinedDefaultResponse = Awaited<ReturnType<typeof getNotDefined>>["data"];
export type GetNotDefinedQueryResult<TData = GetNotDefinedDefaultResponse, TError = unknown> = UseQueryResult<TData, TError>;
export const useGetNotDefinedKey = "GetNotDefined";
export const UseGetNotDefinedKeyFn = (clientOptions: Options<GetNotDefinedData, true> = {}, queryKey?: Array<unknown>) => [useGetNotDefinedKey, ...(queryKey ?? [clientOptions])];
export type FindPetByIdDefaultResponse = Awaited<ReturnType<typeof findPetById>>["data"];
export type FindPetByIdQueryResult<TData = FindPetByIdDefaultResponse, TError = unknown> = UseQueryResult<TData, TError>;
export const useFindPetByIdKey = "FindPetById";
export const UseFindPetByIdKeyFn = (clientOptions: Options<FindPetByIdData, true>, queryKey?: Array<unknown>) => [useFindPetByIdKey, ...(queryKey ?? [clientOptions])];
export type FindPaginatedPetsDefaultResponse = Awaited<ReturnType<typeof findPaginatedPets>>["data"];
export type FindPaginatedPetsQueryResult<TData = FindPaginatedPetsDefaultResponse, TError = unknown> = UseQueryResult<TData, TError>;
export const useFindPaginatedPetsKey = "FindPaginatedPets";
export const UseFindPaginatedPetsKeyFn = (clientOptions: Options<FindPaginatedPetsData, true> = {}, queryKey?: Array<unknown>) => [useFindPaginatedPetsKey, ...(queryKey ?? [clientOptions])];
export type AddPetMutationResult = Awaited<ReturnType<typeof addPet>>;
export const useAddPetKey = "AddPet";
export const UseAddPetKeyFn = (mutationKey?: Array<unknown>) => [useAddPetKey, ...(mutationKey ?? [])];
export type PostNotDefinedMutationResult = Awaited<ReturnType<typeof postNotDefined>>;
export const usePostNotDefinedKey = "PostNotDefined";
export const UsePostNotDefinedKeyFn = (mutationKey?: Array<unknown>) => [usePostNotDefinedKey, ...(mutationKey ?? [])];
export type DeletePetMutationResult = Awaited<ReturnType<typeof deletePet>>;
export const useDeletePetKey = "DeletePet";
export const UseDeletePetKeyFn = (mutationKey?: Array<unknown>) => [useDeletePetKey, ...(mutationKey ?? [])];
"
`;

exports[`createSource > createSource - @hey-api/client-axios 3`] = `
"// generated with @7nohe/openapi-react-query-codegen@1.0.0 

import * as Common from "./common";
import { type Options } from "../requests/client";
import { type QueryClient, useQuery, useSuspenseQuery, useMutation, UseQueryResult, UseQueryOptions, UseMutationOptions, UseMutationResult, UseSuspenseQueryOptions } from "@tanstack/react-query";
import { Options, findPets, addPet, getNotDefined, postNotDefined, deletePet, findPetById, findPaginatedPets } from "../requests/sdk.gen";
import { ClientOptions, Pet, NewPet, Error, FindPetsData, FindPetsErrors, FindPetsError, FindPetsResponses, FindPetsResponse, AddPetData, AddPetErrors, AddPetError, AddPetResponses, AddPetResponse, GetNotDefinedData, GetNotDefinedErrors, GetNotDefinedResponses, PostNotDefinedData, PostNotDefinedErrors, PostNotDefinedResponses, DeletePetData, DeletePetErrors, DeletePetError, DeletePetResponses, DeletePetResponse, FindPetByIdData, FindPetByIdErrors, FindPetByIdError, FindPetByIdResponses, FindPetByIdResponse, FindPaginatedPetsData, FindPaginatedPetsResponses, FindPaginatedPetsResponse } from "../requests/types.gen";
import { AxiosError } from "axios";
/**
* Returns all pets from the system that the user has access to
* Nam sed condimentum est. Maecenas tempor sagittis sapien, nec rhoncus sem sagittis sit amet. Aenean at gravida augue, ac iaculis sem. Curabitur odio lorem, ornare eget elementum nec, cursus id lectus. Duis mi turpis, pulvinar ac eros ac, tincidunt varius justo. In hac habitasse platea dictumst. Integer at adipiscing ante, a sagittis ligula. Aenean pharetra tempor ante molestie imperdiet. Vivamus id aliquam diam. Cras quis velit non tortor eleifend sagittis. Praesent at enim pharetra urna volutpat venenatis eget eget mauris. In eleifend fermentum facilisis. Praesent enim enim, gravida ac sodales sed, placerat id erat. Suspendisse lacus dolor, consectetur non augue vel, vehicula interdum libero. Morbi euismod sagittis libero sed lacinia.
*
* Sed tempus felis lobortis leo pulvinar rutrum. Nam mattis velit nisl, eu condimentum ligula luctus nec. Phasellus semper velit eget aliquet faucibus. In a mattis elit. Phasellus vel urna viverra, condimentum lorem id, rhoncus nibh. Ut pellentesque posuere elementum. Sed a varius odio. Morbi rhoncus ligula libero, vel eleifend nunc tristique vitae. Fusce et sem dui. Aenean nec scelerisque tortor. Fusce malesuada accumsan magna vel tempus. Quisque mollis felis eu dolor tristique, sit amet auctor felis gravida. Sed libero lorem, molestie sed nisl in, accumsan tempor nisi. Fusce sollicitudin massa ut lacinia mattis. Sed vel eleifend lorem. Pellentesque vitae felis pretium, pulvinar elit eu, euismod sapien.
*
*/
export const useFindPets = <TData = Common.FindPetsDefaultResponse, TError = AxiosError<FindPetsError>, TQueryKey extends Array<unknown> = unknown[]>(clientOptions: Options<FindPetsData, true> = {}, queryKey?: TQueryKey, options?: Omit<UseQueryOptions<TData, TError>, "queryKey" | "queryFn">) => useQuery<TData, TError>({ queryKey: Common.UseFindPetsKeyFn(clientOptions, queryKey), queryFn: () => findPets({ ...clientOptions }).then(response => response.data as TData) as TData, ...options });
/**
* This path is not fully defined.
*
* @deprecated
*/
export const useGetNotDefined = <TData = Common.GetNotDefinedDefaultResponse, TError = AxiosError<unknown>, TQueryKey extends Array<unknown> = unknown[]>(clientOptions: Options<GetNotDefinedData, true> = {}, queryKey?: TQueryKey, options?: Omit<UseQueryOptions<TData, TError>, "queryKey" | "queryFn">) => useQuery<TData, TError>({ queryKey: Common.UseGetNotDefinedKeyFn(clientOptions, queryKey), queryFn: () => getNotDefined({ ...clientOptions }).then(response => response.data as TData) as TData, ...options });
/**
* Returns a user based on a single ID, if the user does not have access to the pet
*/
export const useFindPetById = <TData = Common.FindPetByIdDefaultResponse, TError = AxiosError<FindPetByIdError>, TQueryKey extends Array<unknown> = unknown[]>(clientOptions: Options<FindPetByIdData, true>, queryKey?: TQueryKey, options?: Omit<UseQueryOptions<TData, TError>, "queryKey" | "queryFn">) => useQuery<TData, TError>({ queryKey: Common.UseFindPetByIdKeyFn(clientOptions, queryKey), queryFn: () => findPetById({ ...clientOptions }).then(response => response.data as TData) as TData, ...options });
/**
* Returns paginated pets from the system that the user has access to
*
*/
export const useFindPaginatedPets = <TData = Common.FindPaginatedPetsDefaultResponse, TError = AxiosError<unknown>, TQueryKey extends Array<unknown> = unknown[]>(clientOptions: Options<FindPaginatedPetsData, true> = {}, queryKey?: TQueryKey, options?: Omit<UseQueryOptions<TData, TError>, "queryKey" | "queryFn">) => useQuery<TData, TError>({ queryKey: Common.UseFindPaginatedPetsKeyFn(clientOptions, queryKey), queryFn: () => findPaginatedPets({ ...clientOptions }).then(response => response.data as TData) as TData, ...options });
/**
* Creates a new pet in the store. Duplicates are allowed
*/
export const useAddPet = <TData = Common.AddPetMutationResult, TError = AxiosError<AddPetError>, TQueryKey extends Array<unknown> = unknown[], TContext = unknown>(mutationKey?: TQueryKey, options?: Omit<UseMutationOptions<TData, TError, Options<AddPetData, true>, TContext>, "mutationKey" | "mutationFn">) => useMutation<TData, TError, Options<AddPetData, true>, TContext>({ mutationKey: Common.UseAddPetKeyFn(mutationKey), mutationFn: clientOptions => addPet(clientOptions) as unknown as Promise<TData>, ...options });
/**
* This path is not defined at all.
*
* @deprecated
*/
export const usePostNotDefined = <TData = Common.PostNotDefinedMutationResult, TError = AxiosError<unknown>, TQueryKey extends Array<unknown> = unknown[], TContext = unknown>(mutationKey?: TQueryKey, options?: Omit<UseMutationOptions<TData, TError, Options<PostNotDefinedData, true>, TContext>, "mutationKey" | "mutationFn">) => useMutation<TData, TError, Options<PostNotDefinedData, true>, TContext>({ mutationKey: Common.UsePostNotDefinedKeyFn(mutationKey), mutationFn: clientOptions => postNotDefined(clientOptions) as unknown as Promise<TData>, ...options });
/**
* deletes a single pet based on the ID supplied
*/
export const useDeletePet = <TData = Common.DeletePetMutationResult, TError = AxiosError<DeletePetError>, TQueryKey extends Array<unknown> = unknown[], TContext = unknown>(mutationKey?: TQueryKey, options?: Omit<UseMutationOptions<TData, TError, Options<DeletePetData, true>, TContext>, "mutationKey" | "mutationFn">) => useMutation<TData, TError, Options<DeletePetData, true>, TContext>({ mutationKey: Common.UseDeletePetKeyFn(mutationKey), mutationFn: clientOptions => deletePet(clientOptions) as unknown as Promise<TData>, ...options });
"
`;

exports[`createSource > createSource - @hey-api/client-axios 4`] = `
"// generated with @7nohe/openapi-react-query-codegen@1.0.0 

import * as Common from "./common";
import { type Options } from "../requests/client";
import { type QueryClient, useQuery, useSuspenseQuery, useMutation, UseQueryResult, UseQueryOptions, UseMutationOptions, UseMutationResult, UseSuspenseQueryOptions } from "@tanstack/react-query";
import { Options, findPets, addPet, getNotDefined, postNotDefined, deletePet, findPetById, findPaginatedPets } from "../requests/sdk.gen";
import { ClientOptions, Pet, NewPet, Error, FindPetsData, FindPetsErrors, FindPetsError, FindPetsResponses, FindPetsResponse, AddPetData, AddPetErrors, AddPetError, AddPetResponses, AddPetResponse, GetNotDefinedData, GetNotDefinedErrors, GetNotDefinedResponses, PostNotDefinedData, PostNotDefinedErrors, PostNotDefinedResponses, DeletePetData, DeletePetErrors, DeletePetError, DeletePetResponses, DeletePetResponse, FindPetByIdData, FindPetByIdErrors, FindPetByIdError, FindPetByIdResponses, FindPetByIdResponse, FindPaginatedPetsData, FindPaginatedPetsResponses, FindPaginatedPetsResponse } from "../requests/types.gen";
import { AxiosError } from "axios";
/**
* Returns all pets from the system that the user has access to
* Nam sed condimentum est. Maecenas tempor sagittis sapien, nec rhoncus sem sagittis sit amet. Aenean at gravida augue, ac iaculis sem. Curabitur odio lorem, ornare eget elementum nec, cursus id lectus. Duis mi turpis, pulvinar ac eros ac, tincidunt varius justo. In hac habitasse platea dictumst. Integer at adipiscing ante, a sagittis ligula. Aenean pharetra tempor ante molestie imperdiet. Vivamus id aliquam diam. Cras quis velit non tortor eleifend sagittis. Praesent at enim pharetra urna volutpat venenatis eget eget mauris. In eleifend fermentum facilisis. Praesent enim enim, gravida ac sodales sed, placerat id erat. Suspendisse lacus dolor, consectetur non augue vel, vehicula interdum libero. Morbi euismod sagittis libero sed lacinia.
*
* Sed tempus felis lobortis leo pulvinar rutrum. Nam mattis velit nisl, eu condimentum ligula luctus nec. Phasellus semper velit eget aliquet faucibus. In a mattis elit. Phasellus vel urna viverra, condimentum lorem id, rhoncus nibh. Ut pellentesque posuere elementum. Sed a varius odio. Morbi rhoncus ligula libero, vel eleifend nunc tristique vitae. Fusce et sem dui. Aenean nec scelerisque tortor. Fusce malesuada accumsan magna vel tempus. Quisque mollis felis eu dolor tristique, sit amet auctor felis gravida. Sed libero lorem, molestie sed nisl in, accumsan tempor nisi. Fusce sollicitudin massa ut lacinia mattis. Sed vel eleifend lorem. Pellentesque vitae felis pretium, pulvinar elit eu, euismod sapien.
*
*/
export const useFindPetsSuspense = <TData = NonNullable<Common.FindPetsDefaultResponse>, TError = AxiosError<FindPetsError>, TQueryKey extends Array<unknown> = unknown[]>(clientOptions: Options<FindPetsData, true> = {}, queryKey?: TQueryKey, options?: Omit<UseSuspenseQueryOptions<TData, TError>, "queryKey" | "queryFn">) => useSuspenseQuery<TData, TError>({ queryKey: Common.UseFindPetsKeyFn(clientOptions, queryKey), queryFn: () => findPets({ ...clientOptions }).then(response => response.data as TData) as TData, ...options });
/**
* This path is not fully defined.
*
* @deprecated
*/
export const useGetNotDefinedSuspense = <TData = NonNullable<Common.GetNotDefinedDefaultResponse>, TError = AxiosError<unknown>, TQueryKey extends Array<unknown> = unknown[]>(clientOptions: Options<GetNotDefinedData, true> = {}, queryKey?: TQueryKey, options?: Omit<UseSuspenseQueryOptions<TData, TError>, "queryKey" | "queryFn">) => useSuspenseQuery<TData, TError>({ queryKey: Common.UseGetNotDefinedKeyFn(clientOptions, queryKey), queryFn: () => getNotDefined({ ...clientOptions }).then(response => response.data as TData) as TData, ...options });
/**
* Returns a user based on a single ID, if the user does not have access to the pet
*/
export const useFindPetByIdSuspense = <TData = NonNullable<Common.FindPetByIdDefaultResponse>, TError = AxiosError<FindPetByIdError>, TQueryKey extends Array<unknown> = unknown[]>(clientOptions: Options<FindPetByIdData, true>, queryKey?: TQueryKey, options?: Omit<UseSuspenseQueryOptions<TData, TError>, "queryKey" | "queryFn">) => useSuspenseQuery<TData, TError>({ queryKey: Common.UseFindPetByIdKeyFn(clientOptions, queryKey), queryFn: () => findPetById({ ...clientOptions }).then(response => response.data as TData) as TData, ...options });
/**
* Returns paginated pets from the system that the user has access to
*
*/
export const useFindPaginatedPetsSuspense = <TData = NonNullable<Common.FindPaginatedPetsDefaultResponse>, TError = AxiosError<unknown>, TQueryKey extends Array<unknown> = unknown[]>(clientOptions: Options<FindPaginatedPetsData, true> = {}, queryKey?: TQueryKey, options?: Omit<UseSuspenseQueryOptions<TData, TError>, "queryKey" | "queryFn">) => useSuspenseQuery<TData, TError>({ queryKey: Common.UseFindPaginatedPetsKeyFn(clientOptions, queryKey), queryFn: () => findPaginatedPets({ ...clientOptions }).then(response => response.data as TData) as TData, ...options });
"
`;

exports[`createSource > createSource - @hey-api/client-axios 5`] = `
"// generated with @7nohe/openapi-react-query-codegen@1.0.0 

import * as Common from "./common";
import { type Options } from "../requests/client";
import { type QueryClient, useQuery, useSuspenseQuery, useMutation, UseQueryResult, UseQueryOptions, UseMutationOptions, UseMutationResult, UseSuspenseQueryOptions } from "@tanstack/react-query";
import { Options, findPets, addPet, getNotDefined, postNotDefined, deletePet, findPetById, findPaginatedPets } from "../requests/sdk.gen";
import { ClientOptions, Pet, NewPet, Error, FindPetsData, FindPetsErrors, FindPetsError, FindPetsResponses, FindPetsResponse, AddPetData, AddPetErrors, AddPetError, AddPetResponses, AddPetResponse, GetNotDefinedData, GetNotDefinedErrors, GetNotDefinedResponses, PostNotDefinedData, PostNotDefinedErrors, PostNotDefinedResponses, DeletePetData, DeletePetErrors, DeletePetError, DeletePetResponses, DeletePetResponse, FindPetByIdData, FindPetByIdErrors, FindPetByIdError, FindPetByIdResponses, FindPetByIdResponse, FindPaginatedPetsData, FindPaginatedPetsResponses, FindPaginatedPetsResponse } from "../requests/types.gen";
import { AxiosError } from "axios";
/**
* Returns all pets from the system that the user has access to
* Nam sed condimentum est. Maecenas tempor sagittis sapien, nec rhoncus sem sagittis sit amet. Aenean at gravida augue, ac iaculis sem. Curabitur odio lorem, ornare eget elementum nec, cursus id lectus. Duis mi turpis, pulvinar ac eros ac, tincidunt varius justo. In hac habitasse platea dictumst. Integer at adipiscing ante, a sagittis ligula. Aenean pharetra tempor ante molestie imperdiet. Vivamus id aliquam diam. Cras quis velit non tortor eleifend sagittis. Praesent at enim pharetra urna volutpat venenatis eget eget mauris. In eleifend fermentum facilisis. Praesent enim enim, gravida ac sodales sed, placerat id erat. Suspendisse lacus dolor, consectetur non augue vel, vehicula interdum libero. Morbi euismod sagittis libero sed lacinia.
*
* Sed tempus felis lobortis leo pulvinar rutrum. Nam mattis velit nisl, eu condimentum ligula luctus nec. Phasellus semper velit eget aliquet faucibus. In a mattis elit. Phasellus vel urna viverra, condimentum lorem id, rhoncus nibh. Ut pellentesque posuere elementum. Sed a varius odio. Morbi rhoncus ligula libero, vel eleifend nunc tristique vitae. Fusce et sem dui. Aenean nec scelerisque tortor. Fusce malesuada accumsan magna vel tempus. Quisque mollis felis eu dolor tristique, sit amet auctor felis gravida. Sed libero lorem, molestie sed nisl in, accumsan tempor nisi. Fusce sollicitudin massa ut lacinia mattis. Sed vel eleifend lorem. Pellentesque vitae felis pretium, pulvinar elit eu, euismod sapien.
*
*/
export const prefetchUseFindPets = (queryClient: QueryClient, clientOptions: Options<FindPetsData, true> = {}) => queryClient.prefetchQuery({ queryKey: Common.UseFindPetsKeyFn(clientOptions), queryFn: () => findPets({ ...clientOptions }).then(response => response.data) });
/**
* This path is not fully defined.
*
* @deprecated
*/
export const prefetchUseGetNotDefined = (queryClient: QueryClient, clientOptions: Options<GetNotDefinedData, true> = {}) => queryClient.prefetchQuery({ queryKey: Common.UseGetNotDefinedKeyFn(clientOptions), queryFn: () => getNotDefined({ ...clientOptions }).then(response => response.data) });
/**
* Returns a user based on a single ID, if the user does not have access to the pet
*/
export const prefetchUseFindPetById = (queryClient: QueryClient, clientOptions: Options<FindPetByIdData, true>) => queryClient.prefetchQuery({ queryKey: Common.UseFindPetByIdKeyFn(clientOptions), queryFn: () => findPetById({ ...clientOptions }).then(response => response.data) });
/**
* Returns paginated pets from the system that the user has access to
*
*/
export const prefetchUseFindPaginatedPets = (queryClient: QueryClient, clientOptions: Options<FindPaginatedPetsData, true> = {}) => queryClient.prefetchQuery({ queryKey: Common.UseFindPaginatedPetsKeyFn(clientOptions), queryFn: () => findPaginatedPets({ ...clientOptions }).then(response => response.data) });
"
`;

exports[`createSource > createSource - @hey-api/client-fetch 1`] = `
"// generated with @7nohe/openapi-react-query-codegen@1.0.0 

export * from "./common";
export * from "./queries";
"
`;

exports[`createSource > createSource - @hey-api/client-fetch 2`] = `
"// generated with @7nohe/openapi-react-query-codegen@1.0.0 

import { type Options } from "../requests/client";
import { type QueryClient, useQuery, useSuspenseQuery, useMutation, UseQueryResult, UseQueryOptions, UseMutationOptions, UseMutationResult, UseSuspenseQueryOptions } from "@tanstack/react-query";
import { Options, findPets, addPet, getNotDefined, postNotDefined, deletePet, findPetById, findPaginatedPets } from "../requests/sdk.gen";
import { ClientOptions, Pet, NewPet, Error, FindPetsData, FindPetsErrors, FindPetsError, FindPetsResponses, FindPetsResponse, AddPetData, AddPetErrors, AddPetError, AddPetResponses, AddPetResponse, GetNotDefinedData, GetNotDefinedErrors, GetNotDefinedResponses, PostNotDefinedData, PostNotDefinedErrors, PostNotDefinedResponses, DeletePetData, DeletePetErrors, DeletePetError, DeletePetResponses, DeletePetResponse, FindPetByIdData, FindPetByIdErrors, FindPetByIdError, FindPetByIdResponses, FindPetByIdResponse, FindPaginatedPetsData, FindPaginatedPetsResponses, FindPaginatedPetsResponse } from "../requests/types.gen";
export type FindPetsDefaultResponse = Awaited<ReturnType<typeof findPets>>["data"];
export type FindPetsQueryResult<TData = FindPetsDefaultResponse, TError = unknown> = UseQueryResult<TData, TError>;
export const useFindPetsKey = "FindPets";
export const UseFindPetsKeyFn = (clientOptions: Options<FindPetsData, true> = {}, queryKey?: Array<unknown>) => [useFindPetsKey, ...(queryKey ?? [clientOptions])];
export type GetNotDefinedDefaultResponse = Awaited<ReturnType<typeof getNotDefined>>["data"];
export type GetNotDefinedQueryResult<TData = GetNotDefinedDefaultResponse, TError = unknown> = UseQueryResult<TData, TError>;
export const useGetNotDefinedKey = "GetNotDefined";
export const UseGetNotDefinedKeyFn = (clientOptions: Options<GetNotDefinedData, true> = {}, queryKey?: Array<unknown>) => [useGetNotDefinedKey, ...(queryKey ?? [clientOptions])];
export type FindPetByIdDefaultResponse = Awaited<ReturnType<typeof findPetById>>["data"];
export type FindPetByIdQueryResult<TData = FindPetByIdDefaultResponse, TError = unknown> = UseQueryResult<TData, TError>;
export const useFindPetByIdKey = "FindPetById";
export const UseFindPetByIdKeyFn = (clientOptions: Options<FindPetByIdData, true>, queryKey?: Array<unknown>) => [useFindPetByIdKey, ...(queryKey ?? [clientOptions])];
export type FindPaginatedPetsDefaultResponse = Awaited<ReturnType<typeof findPaginatedPets>>["data"];
export type FindPaginatedPetsQueryResult<TData = FindPaginatedPetsDefaultResponse, TError = unknown> = UseQueryResult<TData, TError>;
export const useFindPaginatedPetsKey = "FindPaginatedPets";
export const UseFindPaginatedPetsKeyFn = (clientOptions: Options<FindPaginatedPetsData, true> = {}, queryKey?: Array<unknown>) => [useFindPaginatedPetsKey, ...(queryKey ?? [clientOptions])];
export type AddPetMutationResult = Awaited<ReturnType<typeof addPet>>;
export const useAddPetKey = "AddPet";
export const UseAddPetKeyFn = (mutationKey?: Array<unknown>) => [useAddPetKey, ...(mutationKey ?? [])];
export type PostNotDefinedMutationResult = Awaited<ReturnType<typeof postNotDefined>>;
export const usePostNotDefinedKey = "PostNotDefined";
export const UsePostNotDefinedKeyFn = (mutationKey?: Array<unknown>) => [usePostNotDefinedKey, ...(mutationKey ?? [])];
export type DeletePetMutationResult = Awaited<ReturnType<typeof deletePet>>;
export const useDeletePetKey = "DeletePet";
export const UseDeletePetKeyFn = (mutationKey?: Array<unknown>) => [useDeletePetKey, ...(mutationKey ?? [])];
"
`;

exports[`createSource > createSource - @hey-api/client-fetch 3`] = `
"// generated with @7nohe/openapi-react-query-codegen@1.0.0 

import * as Common from "./common";
import { type Options } from "../requests/client";
import { type QueryClient, useQuery, useSuspenseQuery, useMutation, UseQueryResult, UseQueryOptions, UseMutationOptions, UseMutationResult, UseSuspenseQueryOptions } from "@tanstack/react-query";
import { Options, findPets, addPet, getNotDefined, postNotDefined, deletePet, findPetById, findPaginatedPets } from "../requests/sdk.gen";
import { ClientOptions, Pet, NewPet, Error, FindPetsData, FindPetsErrors, FindPetsError, FindPetsResponses, FindPetsResponse, AddPetData, AddPetErrors, AddPetError, AddPetResponses, AddPetResponse, GetNotDefinedData, GetNotDefinedErrors, GetNotDefinedResponses, PostNotDefinedData, PostNotDefinedErrors, PostNotDefinedResponses, DeletePetData, DeletePetErrors, DeletePetError, DeletePetResponses, DeletePetResponse, FindPetByIdData, FindPetByIdErrors, FindPetByIdError, FindPetByIdResponses, FindPetByIdResponse, FindPaginatedPetsData, FindPaginatedPetsResponses, FindPaginatedPetsResponse } from "../requests/types.gen";
/**
* Returns all pets from the system that the user has access to
* Nam sed condimentum est. Maecenas tempor sagittis sapien, nec rhoncus sem sagittis sit amet. Aenean at gravida augue, ac iaculis sem. Curabitur odio lorem, ornare eget elementum nec, cursus id lectus. Duis mi turpis, pulvinar ac eros ac, tincidunt varius justo. In hac habitasse platea dictumst. Integer at adipiscing ante, a sagittis ligula. Aenean pharetra tempor ante molestie imperdiet. Vivamus id aliquam diam. Cras quis velit non tortor eleifend sagittis. Praesent at enim pharetra urna volutpat venenatis eget eget mauris. In eleifend fermentum facilisis. Praesent enim enim, gravida ac sodales sed, placerat id erat. Suspendisse lacus dolor, consectetur non augue vel, vehicula interdum libero. Morbi euismod sagittis libero sed lacinia.
*
* Sed tempus felis lobortis leo pulvinar rutrum. Nam mattis velit nisl, eu condimentum ligula luctus nec. Phasellus semper velit eget aliquet faucibus. In a mattis elit. Phasellus vel urna viverra, condimentum lorem id, rhoncus nibh. Ut pellentesque posuere elementum. Sed a varius odio. Morbi rhoncus ligula libero, vel eleifend nunc tristique vitae. Fusce et sem dui. Aenean nec scelerisque tortor. Fusce malesuada accumsan magna vel tempus. Quisque mollis felis eu dolor tristique, sit amet auctor felis gravida. Sed libero lorem, molestie sed nisl in, accumsan tempor nisi. Fusce sollicitudin massa ut lacinia mattis. Sed vel eleifend lorem. Pellentesque vitae felis pretium, pulvinar elit eu, euismod sapien.
*
*/
export const useFindPets = <TData = Common.FindPetsDefaultResponse, TError = FindPetsError, TQueryKey extends Array<unknown> = unknown[]>(clientOptions: Options<FindPetsData, true> = {}, queryKey?: TQueryKey, options?: Omit<UseQueryOptions<TData, TError>, "queryKey" | "queryFn">) => useQuery<TData, TError>({ queryKey: Common.UseFindPetsKeyFn(clientOptions, queryKey), queryFn: () => findPets({ ...clientOptions }).then(response => response.data as TData) as TData, ...options });
/**
* This path is not fully defined.
*
* @deprecated
*/
export const useGetNotDefined = <TData = Common.GetNotDefinedDefaultResponse, TError = unknown, TQueryKey extends Array<unknown> = unknown[]>(clientOptions: Options<GetNotDefinedData, true> = {}, queryKey?: TQueryKey, options?: Omit<UseQueryOptions<TData, TError>, "queryKey" | "queryFn">) => useQuery<TData, TError>({ queryKey: Common.UseGetNotDefinedKeyFn(clientOptions, queryKey), queryFn: () => getNotDefined({ ...clientOptions }).then(response => response.data as TData) as TData, ...options });
/**
* Returns a user based on a single ID, if the user does not have access to the pet
*/
export const useFindPetById = <TData = Common.FindPetByIdDefaultResponse, TError = FindPetByIdError, TQueryKey extends Array<unknown> = unknown[]>(clientOptions: Options<FindPetByIdData, true>, queryKey?: TQueryKey, options?: Omit<UseQueryOptions<TData, TError>, "queryKey" | "queryFn">) => useQuery<TData, TError>({ queryKey: Common.UseFindPetByIdKeyFn(clientOptions, queryKey), queryFn: () => findPetById({ ...clientOptions }).then(response => response.data as TData) as TData, ...options });
/**
* Returns paginated pets from the system that the user has access to
*
*/
export const useFindPaginatedPets = <TData = Common.FindPaginatedPetsDefaultResponse, TError = unknown, TQueryKey extends Array<unknown> = unknown[]>(clientOptions: Options<FindPaginatedPetsData, true> = {}, queryKey?: TQueryKey, options?: Omit<UseQueryOptions<TData, TError>, "queryKey" | "queryFn">) => useQuery<TData, TError>({ queryKey: Common.UseFindPaginatedPetsKeyFn(clientOptions, queryKey), queryFn: () => findPaginatedPets({ ...clientOptions }).then(response => response.data as TData) as TData, ...options });
/**
* Creates a new pet in the store. Duplicates are allowed
*/
export const useAddPet = <TData = Common.AddPetMutationResult, TError = AddPetError, TQueryKey extends Array<unknown> = unknown[], TContext = unknown>(mutationKey?: TQueryKey, options?: Omit<UseMutationOptions<TData, TError, Options<AddPetData, true>, TContext>, "mutationKey" | "mutationFn">) => useMutation<TData, TError, Options<AddPetData, true>, TContext>({ mutationKey: Common.UseAddPetKeyFn(mutationKey), mutationFn: clientOptions => addPet(clientOptions) as unknown as Promise<TData>, ...options });
/**
* This path is not defined at all.
*
* @deprecated
*/
export const usePostNotDefined = <TData = Common.PostNotDefinedMutationResult, TError = unknown, TQueryKey extends Array<unknown> = unknown[], TContext = unknown>(mutationKey?: TQueryKey, options?: Omit<UseMutationOptions<TData, TError, Options<PostNotDefinedData, true>, TContext>, "mutationKey" | "mutationFn">) => useMutation<TData, TError, Options<PostNotDefinedData, true>, TContext>({ mutationKey: Common.UsePostNotDefinedKeyFn(mutationKey), mutationFn: clientOptions => postNotDefined(clientOptions) as unknown as Promise<TData>, ...options });
/**
* deletes a single pet based on the ID supplied
*/
export const useDeletePet = <TData = Common.DeletePetMutationResult, TError = DeletePetError, TQueryKey extends Array<unknown> = unknown[], TContext = unknown>(mutationKey?: TQueryKey, options?: Omit<UseMutationOptions<TData, TError, Options<DeletePetData, true>, TContext>, "mutationKey" | "mutationFn">) => useMutation<TData, TError, Options<DeletePetData, true>, TContext>({ mutationKey: Common.UseDeletePetKeyFn(mutationKey), mutationFn: clientOptions => deletePet(clientOptions) as unknown as Promise<TData>, ...options });
"
`;

exports[`createSource > createSource - @hey-api/client-fetch 4`] = `
"// generated with @7nohe/openapi-react-query-codegen@1.0.0 

import * as Common from "./common";
import { type Options } from "../requests/client";
import { type QueryClient, useQuery, useSuspenseQuery, useMutation, UseQueryResult, UseQueryOptions, UseMutationOptions, UseMutationResult, UseSuspenseQueryOptions } from "@tanstack/react-query";
import { Options, findPets, addPet, getNotDefined, postNotDefined, deletePet, findPetById, findPaginatedPets } from "../requests/sdk.gen";
import { ClientOptions, Pet, NewPet, Error, FindPetsData, FindPetsErrors, FindPetsError, FindPetsResponses, FindPetsResponse, AddPetData, AddPetErrors, AddPetError, AddPetResponses, AddPetResponse, GetNotDefinedData, GetNotDefinedErrors, GetNotDefinedResponses, PostNotDefinedData, PostNotDefinedErrors, PostNotDefinedResponses, DeletePetData, DeletePetErrors, DeletePetError, DeletePetResponses, DeletePetResponse, FindPetByIdData, FindPetByIdErrors, FindPetByIdError, FindPetByIdResponses, FindPetByIdResponse, FindPaginatedPetsData, FindPaginatedPetsResponses, FindPaginatedPetsResponse } from "../requests/types.gen";
/**
* Returns all pets from the system that the user has access to
* Nam sed condimentum est. Maecenas tempor sagittis sapien, nec rhoncus sem sagittis sit amet. Aenean at gravida augue, ac iaculis sem. Curabitur odio lorem, ornare eget elementum nec, cursus id lectus. Duis mi turpis, pulvinar ac eros ac, tincidunt varius justo. In hac habitasse platea dictumst. Integer at adipiscing ante, a sagittis ligula. Aenean pharetra tempor ante molestie imperdiet. Vivamus id aliquam diam. Cras quis velit non tortor eleifend sagittis. Praesent at enim pharetra urna volutpat venenatis eget eget mauris. In eleifend fermentum facilisis. Praesent enim enim, gravida ac sodales sed, placerat id erat. Suspendisse lacus dolor, consectetur non augue vel, vehicula interdum libero. Morbi euismod sagittis libero sed lacinia.
*
* Sed tempus felis lobortis leo pulvinar rutrum. Nam mattis velit nisl, eu condimentum ligula luctus nec. Phasellus semper velit eget aliquet faucibus. In a mattis elit. Phasellus vel urna viverra, condimentum lorem id, rhoncus nibh. Ut pellentesque posuere elementum. Sed a varius odio. Morbi rhoncus ligula libero, vel eleifend nunc tristique vitae. Fusce et sem dui. Aenean nec scelerisque tortor. Fusce malesuada accumsan magna vel tempus. Quisque mollis felis eu dolor tristique, sit amet auctor felis gravida. Sed libero lorem, molestie sed nisl in, accumsan tempor nisi. Fusce sollicitudin massa ut lacinia mattis. Sed vel eleifend lorem. Pellentesque vitae felis pretium, pulvinar elit eu, euismod sapien.
*
*/
export const useFindPetsSuspense = <TData = NonNullable<Common.FindPetsDefaultResponse>, TError = FindPetsError, TQueryKey extends Array<unknown> = unknown[]>(clientOptions: Options<FindPetsData, true> = {}, queryKey?: TQueryKey, options?: Omit<UseSuspenseQueryOptions<TData, TError>, "queryKey" | "queryFn">) => useSuspenseQuery<TData, TError>({ queryKey: Common.UseFindPetsKeyFn(clientOptions, queryKey), queryFn: () => findPets({ ...clientOptions }).then(response => response.data as TData) as TData, ...options });
/**
* This path is not fully defined.
*
* @deprecated
*/
export const useGetNotDefinedSuspense = <TData = NonNullable<Common.GetNotDefinedDefaultResponse>, TError = unknown, TQueryKey extends Array<unknown> = unknown[]>(clientOptions: Options<GetNotDefinedData, true> = {}, queryKey?: TQueryKey, options?: Omit<UseSuspenseQueryOptions<TData, TError>, "queryKey" | "queryFn">) => useSuspenseQuery<TData, TError>({ queryKey: Common.UseGetNotDefinedKeyFn(clientOptions, queryKey), queryFn: () => getNotDefined({ ...clientOptions }).then(response => response.data as TData) as TData, ...options });
/**
* Returns a user based on a single ID, if the user does not have access to the pet
*/
export const useFindPetByIdSuspense = <TData = NonNullable<Common.FindPetByIdDefaultResponse>, TError = FindPetByIdError, TQueryKey extends Array<unknown> = unknown[]>(clientOptions: Options<FindPetByIdData, true>, queryKey?: TQueryKey, options?: Omit<UseSuspenseQueryOptions<TData, TError>, "queryKey" | "queryFn">) => useSuspenseQuery<TData, TError>({ queryKey: Common.UseFindPetByIdKeyFn(clientOptions, queryKey), queryFn: () => findPetById({ ...clientOptions }).then(response => response.data as TData) as TData, ...options });
/**
* Returns paginated pets from the system that the user has access to
*
*/
export const useFindPaginatedPetsSuspense = <TData = NonNullable<Common.FindPaginatedPetsDefaultResponse>, TError = unknown, TQueryKey extends Array<unknown> = unknown[]>(clientOptions: Options<FindPaginatedPetsData, true> = {}, queryKey?: TQueryKey, options?: Omit<UseSuspenseQueryOptions<TData, TError>, "queryKey" | "queryFn">) => useSuspenseQuery<TData, TError>({ queryKey: Common.UseFindPaginatedPetsKeyFn(clientOptions, queryKey), queryFn: () => findPaginatedPets({ ...clientOptions }).then(response => response.data as TData) as TData, ...options });
"
`;

exports[`createSource > createSource - @hey-api/client-fetch 5`] = `
"// generated with @7nohe/openapi-react-query-codegen@1.0.0 

import * as Common from "./common";
import { type Options } from "../requests/client";
import { type QueryClient, useQuery, useSuspenseQuery, useMutation, UseQueryResult, UseQueryOptions, UseMutationOptions, UseMutationResult, UseSuspenseQueryOptions } from "@tanstack/react-query";
import { Options, findPets, addPet, getNotDefined, postNotDefined, deletePet, findPetById, findPaginatedPets } from "../requests/sdk.gen";
import { ClientOptions, Pet, NewPet, Error, FindPetsData, FindPetsErrors, FindPetsError, FindPetsResponses, FindPetsResponse, AddPetData, AddPetErrors, AddPetError, AddPetResponses, AddPetResponse, GetNotDefinedData, GetNotDefinedErrors, GetNotDefinedResponses, PostNotDefinedData, PostNotDefinedErrors, PostNotDefinedResponses, DeletePetData, DeletePetErrors, DeletePetError, DeletePetResponses, DeletePetResponse, FindPetByIdData, FindPetByIdErrors, FindPetByIdError, FindPetByIdResponses, FindPetByIdResponse, FindPaginatedPetsData, FindPaginatedPetsResponses, FindPaginatedPetsResponse } from "../requests/types.gen";
/**
* Returns all pets from the system that the user has access to
* Nam sed condimentum est. Maecenas tempor sagittis sapien, nec rhoncus sem sagittis sit amet. Aenean at gravida augue, ac iaculis sem. Curabitur odio lorem, ornare eget elementum nec, cursus id lectus. Duis mi turpis, pulvinar ac eros ac, tincidunt varius justo. In hac habitasse platea dictumst. Integer at adipiscing ante, a sagittis ligula. Aenean pharetra tempor ante molestie imperdiet. Vivamus id aliquam diam. Cras quis velit non tortor eleifend sagittis. Praesent at enim pharetra urna volutpat venenatis eget eget mauris. In eleifend fermentum facilisis. Praesent enim enim, gravida ac sodales sed, placerat id erat. Suspendisse lacus dolor, consectetur non augue vel, vehicula interdum libero. Morbi euismod sagittis libero sed lacinia.
*
* Sed tempus felis lobortis leo pulvinar rutrum. Nam mattis velit nisl, eu condimentum ligula luctus nec. Phasellus semper velit eget aliquet faucibus. In a mattis elit. Phasellus vel urna viverra, condimentum lorem id, rhoncus nibh. Ut pellentesque posuere elementum. Sed a varius odio. Morbi rhoncus ligula libero, vel eleifend nunc tristique vitae. Fusce et sem dui. Aenean nec scelerisque tortor. Fusce malesuada accumsan magna vel tempus. Quisque mollis felis eu dolor tristique, sit amet auctor felis gravida. Sed libero lorem, molestie sed nisl in, accumsan tempor nisi. Fusce sollicitudin massa ut lacinia mattis. Sed vel eleifend lorem. Pellentesque vitae felis pretium, pulvinar elit eu, euismod sapien.
*
*/
export const prefetchUseFindPets = (queryClient: QueryClient, clientOptions: Options<FindPetsData, true> = {}) => queryClient.prefetchQuery({ queryKey: Common.UseFindPetsKeyFn(clientOptions), queryFn: () => findPets({ ...clientOptions }).then(response => response.data) });
/**
* This path is not fully defined.
*
* @deprecated
*/
export const prefetchUseGetNotDefined = (queryClient: QueryClient, clientOptions: Options<GetNotDefinedData, true> = {}) => queryClient.prefetchQuery({ queryKey: Common.UseGetNotDefinedKeyFn(clientOptions), queryFn: () => getNotDefined({ ...clientOptions }).then(response => response.data) });
/**
* Returns a user based on a single ID, if the user does not have access to the pet
*/
export const prefetchUseFindPetById = (queryClient: QueryClient, clientOptions: Options<FindPetByIdData, true>) => queryClient.prefetchQuery({ queryKey: Common.UseFindPetByIdKeyFn(clientOptions), queryFn: () => findPetById({ ...clientOptions }).then(response => response.data) });
/**
* Returns paginated pets from the system that the user has access to
*
*/
export const prefetchUseFindPaginatedPets = (queryClient: QueryClient, clientOptions: Options<FindPaginatedPetsData, true> = {}) => queryClient.prefetchQuery({ queryKey: Common.UseFindPaginatedPetsKeyFn(clientOptions), queryFn: () => findPaginatedPets({ ...clientOptions }).then(response => response.data) });
"
`;
